  Determining projects to restore...
  All projects are up-to-date for restore.
D:\College\03_Year_3\NET\Ecommerce\src\BilliardsBooking.API\Controllers\Admin\TablesController.cs(186,39): error CS1503: Argument 1: cannot convert from 'int?' to 'int' [D:\College\03_Year_3\NET\Ecommerce\src\BilliardsBooking.API\BilliardsBooking.API.csproj]

Build FAILED.

D:\College\03_Year_3\NET\Ecommerce\src\BilliardsBooking.API\Controllers\Admin\TablesController.cs(186,39): error CS1503: Argument 1: cannot convert from 'int?' to 'int' [D:\College\03_Year_3\NET\Ecommerce\src\BilliardsBooking.API\BilliardsBooking.API.csproj]
    0 Warning(s)
    1 Error(s)

Time Elapsed 00:00:05.34
