  Determining projects to restore...
  All projects are up-to-date for restore.
C:\Program Files\dotnet\sdk\10.0.102\Microsoft.Common.CurrentVersion.targets(5937,5): warning MSB3061: Unable to delete file "d:\College\03_Year_3\NET\Ecommerce\src\BilliardsBooking.API\bin\Debug\net10.0\BilliardsBooking.API.exe". Access to the path 'd:\College\03_Year_3\NET\Ecommerce\src\BilliardsBooking.API\bin\Debug\net10.0\BilliardsBooking.API.exe' is denied. The file is locked by: "BilliardsBooking.API (23024)" [D:\College\03_Year_3\NET\Ecommerce\src\BilliardsBooking.API\BilliardsBooking.API.csproj]
C:\Program Files\dotnet\sdk\10.0.102\Microsoft.Common.CurrentVersion.targets(5937,5): warning MSB3061: Unable to delete file "d:\College\03_Year_3\NET\Ecommerce\src\BilliardsBooking.API\bin\Debug\net10.0\BilliardsBooking.API.dll". Access to the path 'd:\College\03_Year_3\NET\Ecommerce\src\BilliardsBooking.API\bin\Debug\net10.0\BilliardsBooking.API.dll' is denied. The file is locked by: "BilliardsBooking.API (23024)" [D:\College\03_Year_3\NET\Ecommerce\src\BilliardsBooking.API\BilliardsBooking.API.csproj]
C:\Program Files\dotnet\sdk\10.0.102\Microsoft.Common.CurrentVersion.targets(5937,5): warning MSB3061: Unable to delete file "d:\College\03_Year_3\NET\Ecommerce\src\BilliardsBooking.API\bin\Debug\net10.0\BCrypt.Net-Next.dll". Access to the path 'd:\College\03_Year_3\NET\Ecommerce\src\BilliardsBooking.API\bin\Debug\net10.0\BCrypt.Net-Next.dll' is denied. The file is locked by: "BilliardsBooking.API (23024)" [D:\College\03_Year_3\NET\Ecommerce\src\BilliardsBooking.API\BilliardsBooking.API.csproj]
C:\Program Files\dotnet\sdk\10.0.102\Microsoft.Common.CurrentVersion.targets(5937,5): warning MSB3061: Unable to delete file "d:\College\03_Year_3\NET\Ecommerce\src\BilliardsBooking.API\bin\Debug\net10.0\Microsoft.AspNetCore.Authentication.JwtBearer.dll". Access to the path 'd:\College\03_Year_3\NET\Ecommerce\src\BilliardsBooking.API\bin\Debug\net10.0\Microsoft.AspNetCore.Authentication.JwtBearer.dll' is denied. The file is locked by: "BilliardsBooking.API (23024)" [D:\College\03_Year_3\NET\Ecommerce\src\BilliardsBooking.API\BilliardsBooking.API.csproj]
C:\Program Files\dotnet\sdk\10.0.102\Microsoft.Common.CurrentVersion.targets(5937,5): warning MSB3061: Unable to delete file "d:\College\03_Year_3\NET\Ecommerce\src\BilliardsBooking.API\bin\Debug\net10.0\Microsoft.AspNetCore.OpenApi.dll". Access to the path 'd:\College\03_Year_3\NET\Ecommerce\src\BilliardsBooking.API\bin\Debug\net10.0\Microsoft.AspNetCore.OpenApi.dll' is denied. The file is locked by: "BilliardsBooking.API (23024)" [D:\College\03_Year_3\NET\Ecommerce\src\BilliardsBooking.API\BilliardsBooking.API.csproj]
C:\Program Files\dotnet\sdk\10.0.102\Microsoft.Common.CurrentVersion.targets(5937,5): warning MSB3061: Unable to delete file "d:\College\03_Year_3\NET\Ecommerce\src\BilliardsBooking.API\bin\Debug\net10.0\Microsoft.EntityFrameworkCore.dll". Access to the path 'd:\College\03_Year_3\NET\Ecommerce\src\BilliardsBooking.API\bin\Debug\net10.0\Microsoft.EntityFrameworkCore.dll' is denied. The file is locked by: "BilliardsBooking.API (23024)" [D:\College\03_Year_3\NET\Ecommerce\src\BilliardsBooking.API\BilliardsBooking.API.csproj]
C:\Program Files\dotnet\sdk\10.0.102\Microsoft.Common.CurrentVersion.targets(5937,5): warning MSB3061: Unable to delete file "d:\College\03_Year_3\NET\Ecommerce\src\BilliardsBooking.API\bin\Debug\net10.0\Microsoft.EntityFrameworkCore.Abstractions.dll". Access to the path 'd:\College\03_Year_3\NET\Ecommerce\src\BilliardsBooking.API\bin\Debug\net10.0\Microsoft.EntityFrameworkCore.Abstractions.dll' is denied. The file is locked by: "BilliardsBooking.API (23024)" [D:\College\03_Year_3\NET\Ecommerce\src\BilliardsBooking.API\BilliardsBooking.API.csproj]
C:\Program Files\dotnet\sdk\10.0.102\Microsoft.Common.CurrentVersion.targets(5937,5): warning MSB3061: Unable to delete file "d:\College\03_Year_3\NET\Ecommerce\src\BilliardsBooking.API\bin\Debug\net10.0\Microsoft.EntityFrameworkCore.Relational.dll". Access to the path 'd:\College\03_Year_3\NET\Ecommerce\src\BilliardsBooking.API\bin\Debug\net10.0\Microsoft.EntityFrameworkCore.Relational.dll' is denied. The file is locked by: "BilliardsBooking.API (23024)" [D:\College\03_Year_3\NET\Ecommerce\src\BilliardsBooking.API\BilliardsBooking.API.csproj]
C:\Program Files\dotnet\sdk\10.0.102\Microsoft.Common.CurrentVersion.targets(5937,5): warning MSB3061: Unable to delete file "d:\College\03_Year_3\NET\Ecommerce\src\BilliardsBooking.API\bin\Debug\net10.0\Microsoft.EntityFrameworkCore.SqlServer.dll". Access to the path 'd:\College\03_Year_3\NET\Ecommerce\src\BilliardsBooking.API\bin\Debug\net10.0\Microsoft.EntityFrameworkCore.SqlServer.dll' is denied. The file is locked by: "BilliardsBooking.API (23024)" [D:\College\03_Year_3\NET\Ecommerce\src\BilliardsBooking.API\BilliardsBooking.API.csproj]
C:\Program Files\dotnet\sdk\10.0.102\Microsoft.Common.CurrentVersion.targets(5937,5): warning MSB3061: Unable to delete file "d:\College\03_Year_3\NET\Ecommerce\src\BilliardsBooking.API\bin\Debug\net10.0\Microsoft.IdentityModel.Abstractions.dll". Access to the path 'd:\College\03_Year_3\NET\Ecommerce\src\BilliardsBooking.API\bin\Debug\net10.0\Microsoft.IdentityModel.Abstractions.dll' is denied. The file is locked by: "BilliardsBooking.API (23024)" [D:\College\03_Year_3\NET\Ecommerce\src\BilliardsBooking.API\BilliardsBooking.API.csproj]
C:\Program Files\dotnet\sdk\10.0.102\Microsoft.Common.CurrentVersion.targets(5937,5): warning MSB3061: Unable to delete file "d:\College\03_Year_3\NET\Ecommerce\src\BilliardsBooking.API\bin\Debug\net10.0\Microsoft.IdentityModel.JsonWebTokens.dll". Access to the path 'd:\College\03_Year_3\NET\Ecommerce\src\BilliardsBooking.API\bin\Debug\net10.0\Microsoft.IdentityModel.JsonWebTokens.dll' is denied. The file is locked by: "BilliardsBooking.API (23024)" [D:\College\03_Year_3\NET\Ecommerce\src\BilliardsBooking.API\BilliardsBooking.API.csproj]
C:\Program Files\dotnet\sdk\10.0.102\Microsoft.Common.CurrentVersion.targets(5937,5): warning MSB3061: Unable to delete file "d:\College\03_Year_3\NET\Ecommerce\src\BilliardsBooking.API\bin\Debug\net10.0\Microsoft.IdentityModel.Logging.dll". Access to the path 'd:\College\03_Year_3\NET\Ecommerce\src\BilliardsBooking.API\bin\Debug\net10.0\Microsoft.IdentityModel.Logging.dll' is denied. The file is locked by: "BilliardsBooking.API (23024)" [D:\College\03_Year_3\NET\Ecommerce\src\BilliardsBooking.API\BilliardsBooking.API.csproj]
C:\Program Files\dotnet\sdk\10.0.102\Microsoft.Common.CurrentVersion.targets(5937,5): warning MSB3061: Unable to delete file "d:\College\03_Year_3\NET\Ecommerce\src\BilliardsBooking.API\bin\Debug\net10.0\Microsoft.IdentityModel.Protocols.dll". Access to the path 'd:\College\03_Year_3\NET\Ecommerce\src\BilliardsBooking.API\bin\Debug\net10.0\Microsoft.IdentityModel.Protocols.dll' is denied. The file is locked by: "BilliardsBooking.API (23024)" [D:\College\03_Year_3\NET\Ecommerce\src\BilliardsBooking.API\BilliardsBooking.API.csproj]
C:\Program Files\dotnet\sdk\10.0.102\Microsoft.Common.CurrentVersion.targets(5937,5): warning MSB3061: Unable to delete file "d:\College\03_Year_3\NET\Ecommerce\src\BilliardsBooking.API\bin\Debug\net10.0\Microsoft.IdentityModel.Protocols.OpenIdConnect.dll". Access to the path 'd:\College\03_Year_3\NET\Ecommerce\src\BilliardsBooking.API\bin\Debug\net10.0\Microsoft.IdentityModel.Protocols.OpenIdConnect.dll' is denied. The file is locked by: "BilliardsBooking.API (23024)" [D:\College\03_Year_3\NET\Ecommerce\src\BilliardsBooking.API\BilliardsBooking.API.csproj]
C:\Program Files\dotnet\sdk\10.0.102\Microsoft.Common.CurrentVersion.targets(5937,5): warning MSB3061: Unable to delete file "d:\College\03_Year_3\NET\Ecommerce\src\BilliardsBooking.API\bin\Debug\net10.0\Microsoft.IdentityModel.Tokens.dll". Access to the path 'd:\College\03_Year_3\NET\Ecommerce\src\BilliardsBooking.API\bin\Debug\net10.0\Microsoft.IdentityModel.Tokens.dll' is denied. The file is locked by: "BilliardsBooking.API (23024)" [D:\College\03_Year_3\NET\Ecommerce\src\BilliardsBooking.API\BilliardsBooking.API.csproj]
C:\Program Files\dotnet\sdk\10.0.102\Microsoft.Common.CurrentVersion.targets(5937,5): warning MSB3061: Unable to delete file "d:\College\03_Year_3\NET\Ecommerce\src\BilliardsBooking.API\bin\Debug\net10.0\Microsoft.OpenApi.dll". Access to the path 'd:\College\03_Year_3\NET\Ecommerce\src\BilliardsBooking.API\bin\Debug\net10.0\Microsoft.OpenApi.dll' is denied. The file is locked by: "BilliardsBooking.API (23024)" [D:\College\03_Year_3\NET\Ecommerce\src\BilliardsBooking.API\BilliardsBooking.API.csproj]
C:\Program Files\dotnet\sdk\10.0.102\Microsoft.Common.CurrentVersion.targets(5937,5): warning MSB3061: Unable to delete file "d:\College\03_Year_3\NET\Ecommerce\src\BilliardsBooking.API\bin\Debug\net10.0\Microsoft.SqlServer.Server.dll". Access to the path 'd:\College\03_Year_3\NET\Ecommerce\src\BilliardsBooking.API\bin\Debug\net10.0\Microsoft.SqlServer.Server.dll' is denied. The file is locked by: "BilliardsBooking.API (23024)" [D:\College\03_Year_3\NET\Ecommerce\src\BilliardsBooking.API\BilliardsBooking.API.csproj]
C:\Program Files\dotnet\sdk\10.0.102\Microsoft.Common.CurrentVersion.targets(5937,5): warning MSB3061: Unable to delete file "d:\College\03_Year_3\NET\Ecommerce\src\BilliardsBooking.API\bin\Debug\net10.0\Swashbuckle.AspNetCore.Swagger.dll". Access to the path 'd:\College\03_Year_3\NET\Ecommerce\src\BilliardsBooking.API\bin\Debug\net10.0\Swashbuckle.AspNetCore.Swagger.dll' is denied. The file is locked by: "BilliardsBooking.API (23024)" [D:\College\03_Year_3\NET\Ecommerce\src\BilliardsBooking.API\BilliardsBooking.API.csproj]
C:\Program Files\dotnet\sdk\10.0.102\Microsoft.Common.CurrentVersion.targets(5937,5): warning MSB3061: Unable to delete file "d:\College\03_Year_3\NET\Ecommerce\src\BilliardsBooking.API\bin\Debug\net10.0\Swashbuckle.AspNetCore.SwaggerGen.dll". Access to the path 'd:\College\03_Year_3\NET\Ecommerce\src\BilliardsBooking.API\bin\Debug\net10.0\Swashbuckle.AspNetCore.SwaggerGen.dll' is denied. The file is locked by: "BilliardsBooking.API (23024)" [D:\College\03_Year_3\NET\Ecommerce\src\BilliardsBooking.API\BilliardsBooking.API.csproj]
C:\Program Files\dotnet\sdk\10.0.102\Microsoft.Common.CurrentVersion.targets(5937,5): warning MSB3061: Unable to delete file "d:\College\03_Year_3\NET\Ecommerce\src\BilliardsBooking.API\bin\Debug\net10.0\Swashbuckle.AspNetCore.SwaggerUI.dll". Access to the path 'd:\College\03_Year_3\NET\Ecommerce\src\BilliardsBooking.API\bin\Debug\net10.0\Swashbuckle.AspNetCore.SwaggerUI.dll' is denied. The file is locked by: "BilliardsBooking.API (23024)" [D:\College\03_Year_3\NET\Ecommerce\src\BilliardsBooking.API\BilliardsBooking.API.csproj]
C:\Program Files\dotnet\sdk\10.0.102\Microsoft.Common.CurrentVersion.targets(5937,5): warning MSB3061: Unable to delete file "d:\College\03_Year_3\NET\Ecommerce\src\BilliardsBooking.API\bin\Debug\net10.0\System.Configuration.ConfigurationManager.dll". Access to the path 'd:\College\03_Year_3\NET\Ecommerce\src\BilliardsBooking.API\bin\Debug\net10.0\System.Configuration.ConfigurationManager.dll' is denied. The file is locked by: "BilliardsBooking.API (23024)" [D:\College\03_Year_3\NET\Ecommerce\src\BilliardsBooking.API\BilliardsBooking.API.csproj]
C:\Program Files\dotnet\sdk\10.0.102\Microsoft.Common.CurrentVersion.targets(5937,5): warning MSB3061: Unable to delete file "d:\College\03_Year_3\NET\Ecommerce\src\BilliardsBooking.API\bin\Debug\net10.0\System.IdentityModel.Tokens.Jwt.dll". Access to the path 'd:\College\03_Year_3\NET\Ecommerce\src\BilliardsBooking.API\bin\Debug\net10.0\System.IdentityModel.Tokens.Jwt.dll' is denied. The file is locked by: "BilliardsBooking.API (23024)" [D:\College\03_Year_3\NET\Ecommerce\src\BilliardsBooking.API\BilliardsBooking.API.csproj]
C:\Program Files\dotnet\sdk\10.0.102\Microsoft.Common.CurrentVersion.targets(5937,5): warning MSB3061: Unable to delete file "d:\College\03_Year_3\NET\Ecommerce\src\BilliardsBooking.API\bin\Debug\net10.0\runtimes\win\lib\net9.0\Microsoft.Data.SqlClient.dll". Access to the path 'd:\College\03_Year_3\NET\Ecommerce\src\BilliardsBooking.API\bin\Debug\net10.0\runtimes\win\lib\net9.0\Microsoft.Data.SqlClient.dll' is denied. The file is locked by: "BilliardsBooking.API (23024)" [D:\College\03_Year_3\NET\Ecommerce\src\BilliardsBooking.API\BilliardsBooking.API.csproj]
C:\Program Files\dotnet\sdk\10.0.102\Microsoft.Common.CurrentVersion.targets(5937,5): warning MSB3061: Unable to delete file "d:\College\03_Year_3\NET\Ecommerce\src\BilliardsBooking.API\bin\Debug\net10.0\runtimes\win-x64\native\Microsoft.Data.SqlClient.SNI.dll". Access to the path 'd:\College\03_Year_3\NET\Ecommerce\src\BilliardsBooking.API\bin\Debug\net10.0\runtimes\win-x64\native\Microsoft.Data.SqlClient.SNI.dll' is denied. The file is locked by: "BilliardsBooking.API (23024)" [D:\College\03_Year_3\NET\Ecommerce\src\BilliardsBooking.API\BilliardsBooking.API.csproj]
D:\College\03_Year_3\NET\Ecommerce\src\BilliardsBooking.API\Services\PaymentService.cs(38,26): error CS0266: Cannot implicitly convert type 'System.Guid?' to 'System.Guid'. An explicit conversion exists (are you missing a cast?) [D:\College\03_Year_3\NET\Ecommerce\src\BilliardsBooking.API\BilliardsBooking.API.csproj]
D:\College\03_Year_3\NET\Ecommerce\src\BilliardsBooking.API\Services\PaymentService.cs(38,26): warning CS8629: Nullable value type may be null. [D:\College\03_Year_3\NET\Ecommerce\src\BilliardsBooking.API\BilliardsBooking.API.csproj]

Build FAILED.

C:\Program Files\dotnet\sdk\10.0.102\Microsoft.Common.CurrentVersion.targets(5937,5): warning MSB3061: Unable to delete file "d:\College\03_Year_3\NET\Ecommerce\src\BilliardsBooking.API\bin\Debug\net10.0\BilliardsBooking.API.exe". Access to the path 'd:\College\03_Year_3\NET\Ecommerce\src\BilliardsBooking.API\bin\Debug\net10.0\BilliardsBooking.API.exe' is denied. The file is locked by: "BilliardsBooking.API (23024)" [D:\College\03_Year_3\NET\Ecommerce\src\BilliardsBooking.API\BilliardsBooking.API.csproj]
C:\Program Files\dotnet\sdk\10.0.102\Microsoft.Common.CurrentVersion.targets(5937,5): warning MSB3061: Unable to delete file "d:\College\03_Year_3\NET\Ecommerce\src\BilliardsBooking.API\bin\Debug\net10.0\BilliardsBooking.API.dll". Access to the path 'd:\College\03_Year_3\NET\Ecommerce\src\BilliardsBooking.API\bin\Debug\net10.0\BilliardsBooking.API.dll' is denied. The file is locked by: "BilliardsBooking.API (23024)" [D:\College\03_Year_3\NET\Ecommerce\src\BilliardsBooking.API\BilliardsBooking.API.csproj]
C:\Program Files\dotnet\sdk\10.0.102\Microsoft.Common.CurrentVersion.targets(5937,5): warning MSB3061: Unable to delete file "d:\College\03_Year_3\NET\Ecommerce\src\BilliardsBooking.API\bin\Debug\net10.0\BCrypt.Net-Next.dll". Access to the path 'd:\College\03_Year_3\NET\Ecommerce\src\BilliardsBooking.API\bin\Debug\net10.0\BCrypt.Net-Next.dll' is denied. The file is locked by: "BilliardsBooking.API (23024)" [D:\College\03_Year_3\NET\Ecommerce\src\BilliardsBooking.API\BilliardsBooking.API.csproj]
C:\Program Files\dotnet\sdk\10.0.102\Microsoft.Common.CurrentVersion.targets(5937,5): warning MSB3061: Unable to delete file "d:\College\03_Year_3\NET\Ecommerce\src\BilliardsBooking.API\bin\Debug\net10.0\Microsoft.AspNetCore.Authentication.JwtBearer.dll". Access to the path 'd:\College\03_Year_3\NET\Ecommerce\src\BilliardsBooking.API\bin\Debug\net10.0\Microsoft.AspNetCore.Authentication.JwtBearer.dll' is denied. The file is locked by: "BilliardsBooking.API (23024)" [D:\College\03_Year_3\NET\Ecommerce\src\BilliardsBooking.API\BilliardsBooking.API.csproj]
C:\Program Files\dotnet\sdk\10.0.102\Microsoft.Common.CurrentVersion.targets(5937,5): warning MSB3061: Unable to delete file "d:\College\03_Year_3\NET\Ecommerce\src\BilliardsBooking.API\bin\Debug\net10.0\Microsoft.AspNetCore.OpenApi.dll". Access to the path 'd:\College\03_Year_3\NET\Ecommerce\src\BilliardsBooking.API\bin\Debug\net10.0\Microsoft.AspNetCore.OpenApi.dll' is denied. The file is locked by: "BilliardsBooking.API (23024)" [D:\College\03_Year_3\NET\Ecommerce\src\BilliardsBooking.API\BilliardsBooking.API.csproj]
C:\Program Files\dotnet\sdk\10.0.102\Microsoft.Common.CurrentVersion.targets(5937,5): warning MSB3061: Unable to delete file "d:\College\03_Year_3\NET\Ecommerce\src\BilliardsBooking.API\bin\Debug\net10.0\Microsoft.EntityFrameworkCore.dll". Access to the path 'd:\College\03_Year_3\NET\Ecommerce\src\BilliardsBooking.API\bin\Debug\net10.0\Microsoft.EntityFrameworkCore.dll' is denied. The file is locked by: "BilliardsBooking.API (23024)" [D:\College\03_Year_3\NET\Ecommerce\src\BilliardsBooking.API\BilliardsBooking.API.csproj]
C:\Program Files\dotnet\sdk\10.0.102\Microsoft.Common.CurrentVersion.targets(5937,5): warning MSB3061: Unable to delete file "d:\College\03_Year_3\NET\Ecommerce\src\BilliardsBooking.API\bin\Debug\net10.0\Microsoft.EntityFrameworkCore.Abstractions.dll". Access to the path 'd:\College\03_Year_3\NET\Ecommerce\src\BilliardsBooking.API\bin\Debug\net10.0\Microsoft.EntityFrameworkCore.Abstractions.dll' is denied. The file is locked by: "BilliardsBooking.API (23024)" [D:\College\03_Year_3\NET\Ecommerce\src\BilliardsBooking.API\BilliardsBooking.API.csproj]
C:\Program Files\dotnet\sdk\10.0.102\Microsoft.Common.CurrentVersion.targets(5937,5): warning MSB3061: Unable to delete file "d:\College\03_Year_3\NET\Ecommerce\src\BilliardsBooking.API\bin\Debug\net10.0\Microsoft.EntityFrameworkCore.Relational.dll". Access to the path 'd:\College\03_Year_3\NET\Ecommerce\src\BilliardsBooking.API\bin\Debug\net10.0\Microsoft.EntityFrameworkCore.Relational.dll' is denied. The file is locked by: "BilliardsBooking.API (23024)" [D:\College\03_Year_3\NET\Ecommerce\src\BilliardsBooking.API\BilliardsBooking.API.csproj]
C:\Program Files\dotnet\sdk\10.0.102\Microsoft.Common.CurrentVersion.targets(5937,5): warning MSB3061: Unable to delete file "d:\College\03_Year_3\NET\Ecommerce\src\BilliardsBooking.API\bin\Debug\net10.0\Microsoft.EntityFrameworkCore.SqlServer.dll". Access to the path 'd:\College\03_Year_3\NET\Ecommerce\src\BilliardsBooking.API\bin\Debug\net10.0\Microsoft.EntityFrameworkCore.SqlServer.dll' is denied. The file is locked by: "BilliardsBooking.API (23024)" [D:\College\03_Year_3\NET\Ecommerce\src\BilliardsBooking.API\BilliardsBooking.API.csproj]
C:\Program Files\dotnet\sdk\10.0.102\Microsoft.Common.CurrentVersion.targets(5937,5): warning MSB3061: Unable to delete file "d:\College\03_Year_3\NET\Ecommerce\src\BilliardsBooking.API\bin\Debug\net10.0\Microsoft.IdentityModel.Abstractions.dll". Access to the path 'd:\College\03_Year_3\NET\Ecommerce\src\BilliardsBooking.API\bin\Debug\net10.0\Microsoft.IdentityModel.Abstractions.dll' is denied. The file is locked by: "BilliardsBooking.API (23024)" [D:\College\03_Year_3\NET\Ecommerce\src\BilliardsBooking.API\BilliardsBooking.API.csproj]
C:\Program Files\dotnet\sdk\10.0.102\Microsoft.Common.CurrentVersion.targets(5937,5): warning MSB3061: Unable to delete file "d:\College\03_Year_3\NET\Ecommerce\src\BilliardsBooking.API\bin\Debug\net10.0\Microsoft.IdentityModel.JsonWebTokens.dll". Access to the path 'd:\College\03_Year_3\NET\Ecommerce\src\BilliardsBooking.API\bin\Debug\net10.0\Microsoft.IdentityModel.JsonWebTokens.dll' is denied. The file is locked by: "BilliardsBooking.API (23024)" [D:\College\03_Year_3\NET\Ecommerce\src\BilliardsBooking.API\BilliardsBooking.API.csproj]
C:\Program Files\dotnet\sdk\10.0.102\Microsoft.Common.CurrentVersion.targets(5937,5): warning MSB3061: Unable to delete file "d:\College\03_Year_3\NET\Ecommerce\src\BilliardsBooking.API\bin\Debug\net10.0\Microsoft.IdentityModel.Logging.dll". Access to the path 'd:\College\03_Year_3\NET\Ecommerce\src\BilliardsBooking.API\bin\Debug\net10.0\Microsoft.IdentityModel.Logging.dll' is denied. The file is locked by: "BilliardsBooking.API (23024)" [D:\College\03_Year_3\NET\Ecommerce\src\BilliardsBooking.API\BilliardsBooking.API.csproj]
C:\Program Files\dotnet\sdk\10.0.102\Microsoft.Common.CurrentVersion.targets(5937,5): warning MSB3061: Unable to delete file "d:\College\03_Year_3\NET\Ecommerce\src\BilliardsBooking.API\bin\Debug\net10.0\Microsoft.IdentityModel.Protocols.dll". Access to the path 'd:\College\03_Year_3\NET\Ecommerce\src\BilliardsBooking.API\bin\Debug\net10.0\Microsoft.IdentityModel.Protocols.dll' is denied. The file is locked by: "BilliardsBooking.API (23024)" [D:\College\03_Year_3\NET\Ecommerce\src\BilliardsBooking.API\BilliardsBooking.API.csproj]
C:\Program Files\dotnet\sdk\10.0.102\Microsoft.Common.CurrentVersion.targets(5937,5): warning MSB3061: Unable to delete file "d:\College\03_Year_3\NET\Ecommerce\src\BilliardsBooking.API\bin\Debug\net10.0\Microsoft.IdentityModel.Protocols.OpenIdConnect.dll". Access to the path 'd:\College\03_Year_3\NET\Ecommerce\src\BilliardsBooking.API\bin\Debug\net10.0\Microsoft.IdentityModel.Protocols.OpenIdConnect.dll' is denied. The file is locked by: "BilliardsBooking.API (23024)" [D:\College\03_Year_3\NET\Ecommerce\src\BilliardsBooking.API\BilliardsBooking.API.csproj]
C:\Program Files\dotnet\sdk\10.0.102\Microsoft.Common.CurrentVersion.targets(5937,5): warning MSB3061: Unable to delete file "d:\College\03_Year_3\NET\Ecommerce\src\BilliardsBooking.API\bin\Debug\net10.0\Microsoft.IdentityModel.Tokens.dll". Access to the path 'd:\College\03_Year_3\NET\Ecommerce\src\BilliardsBooking.API\bin\Debug\net10.0\Microsoft.IdentityModel.Tokens.dll' is denied. The file is locked by: "BilliardsBooking.API (23024)" [D:\College\03_Year_3\NET\Ecommerce\src\BilliardsBooking.API\BilliardsBooking.API.csproj]
C:\Program Files\dotnet\sdk\10.0.102\Microsoft.Common.CurrentVersion.targets(5937,5): warning MSB3061: Unable to delete file "d:\College\03_Year_3\NET\Ecommerce\src\BilliardsBooking.API\bin\Debug\net10.0\Microsoft.OpenApi.dll". Access to the path 'd:\College\03_Year_3\NET\Ecommerce\src\BilliardsBooking.API\bin\Debug\net10.0\Microsoft.OpenApi.dll' is denied. The file is locked by: "BilliardsBooking.API (23024)" [D:\College\03_Year_3\NET\Ecommerce\src\BilliardsBooking.API\BilliardsBooking.API.csproj]
C:\Program Files\dotnet\sdk\10.0.102\Microsoft.Common.CurrentVersion.targets(5937,5): warning MSB3061: Unable to delete file "d:\College\03_Year_3\NET\Ecommerce\src\BilliardsBooking.API\bin\Debug\net10.0\Microsoft.SqlServer.Server.dll". Access to the path 'd:\College\03_Year_3\NET\Ecommerce\src\BilliardsBooking.API\bin\Debug\net10.0\Microsoft.SqlServer.Server.dll' is denied. The file is locked by: "BilliardsBooking.API (23024)" [D:\College\03_Year_3\NET\Ecommerce\src\BilliardsBooking.API\BilliardsBooking.API.csproj]
C:\Program Files\dotnet\sdk\10.0.102\Microsoft.Common.CurrentVersion.targets(5937,5): warning MSB3061: Unable to delete file "d:\College\03_Year_3\NET\Ecommerce\src\BilliardsBooking.API\bin\Debug\net10.0\Swashbuckle.AspNetCore.Swagger.dll". Access to the path 'd:\College\03_Year_3\NET\Ecommerce\src\BilliardsBooking.API\bin\Debug\net10.0\Swashbuckle.AspNetCore.Swagger.dll' is denied. The file is locked by: "BilliardsBooking.API (23024)" [D:\College\03_Year_3\NET\Ecommerce\src\BilliardsBooking.API\BilliardsBooking.API.csproj]
C:\Program Files\dotnet\sdk\10.0.102\Microsoft.Common.CurrentVersion.targets(5937,5): warning MSB3061: Unable to delete file "d:\College\03_Year_3\NET\Ecommerce\src\BilliardsBooking.API\bin\Debug\net10.0\Swashbuckle.AspNetCore.SwaggerGen.dll". Access to the path 'd:\College\03_Year_3\NET\Ecommerce\src\BilliardsBooking.API\bin\Debug\net10.0\Swashbuckle.AspNetCore.SwaggerGen.dll' is denied. The file is locked by: "BilliardsBooking.API (23024)" [D:\College\03_Year_3\NET\Ecommerce\src\BilliardsBooking.API\BilliardsBooking.API.csproj]
C:\Program Files\dotnet\sdk\10.0.102\Microsoft.Common.CurrentVersion.targets(5937,5): warning MSB3061: Unable to delete file "d:\College\03_Year_3\NET\Ecommerce\src\BilliardsBooking.API\bin\Debug\net10.0\Swashbuckle.AspNetCore.SwaggerUI.dll". Access to the path 'd:\College\03_Year_3\NET\Ecommerce\src\BilliardsBooking.API\bin\Debug\net10.0\Swashbuckle.AspNetCore.SwaggerUI.dll' is denied. The file is locked by: "BilliardsBooking.API (23024)" [D:\College\03_Year_3\NET\Ecommerce\src\BilliardsBooking.API\BilliardsBooking.API.csproj]
C:\Program Files\dotnet\sdk\10.0.102\Microsoft.Common.CurrentVersion.targets(5937,5): warning MSB3061: Unable to delete file "d:\College\03_Year_3\NET\Ecommerce\src\BilliardsBooking.API\bin\Debug\net10.0\System.Configuration.ConfigurationManager.dll". Access to the path 'd:\College\03_Year_3\NET\Ecommerce\src\BilliardsBooking.API\bin\Debug\net10.0\System.Configuration.ConfigurationManager.dll' is denied. The file is locked by: "BilliardsBooking.API (23024)" [D:\College\03_Year_3\NET\Ecommerce\src\BilliardsBooking.API\BilliardsBooking.API.csproj]
C:\Program Files\dotnet\sdk\10.0.102\Microsoft.Common.CurrentVersion.targets(5937,5): warning MSB3061: Unable to delete file "d:\College\03_Year_3\NET\Ecommerce\src\BilliardsBooking.API\bin\Debug\net10.0\System.IdentityModel.Tokens.Jwt.dll". Access to the path 'd:\College\03_Year_3\NET\Ecommerce\src\BilliardsBooking.API\bin\Debug\net10.0\System.IdentityModel.Tokens.Jwt.dll' is denied. The file is locked by: "BilliardsBooking.API (23024)" [D:\College\03_Year_3\NET\Ecommerce\src\BilliardsBooking.API\BilliardsBooking.API.csproj]
C:\Program Files\dotnet\sdk\10.0.102\Microsoft.Common.CurrentVersion.targets(5937,5): warning MSB3061: Unable to delete file "d:\College\03_Year_3\NET\Ecommerce\src\BilliardsBooking.API\bin\Debug\net10.0\runtimes\win\lib\net9.0\Microsoft.Data.SqlClient.dll". Access to the path 'd:\College\03_Year_3\NET\Ecommerce\src\BilliardsBooking.API\bin\Debug\net10.0\runtimes\win\lib\net9.0\Microsoft.Data.SqlClient.dll' is denied. The file is locked by: "BilliardsBooking.API (23024)" [D:\College\03_Year_3\NET\Ecommerce\src\BilliardsBooking.API\BilliardsBooking.API.csproj]
C:\Program Files\dotnet\sdk\10.0.102\Microsoft.Common.CurrentVersion.targets(5937,5): warning MSB3061: Unable to delete file "d:\College\03_Year_3\NET\Ecommerce\src\BilliardsBooking.API\bin\Debug\net10.0\runtimes\win-x64\native\Microsoft.Data.SqlClient.SNI.dll". Access to the path 'd:\College\03_Year_3\NET\Ecommerce\src\BilliardsBooking.API\bin\Debug\net10.0\runtimes\win-x64\native\Microsoft.Data.SqlClient.SNI.dll' is denied. The file is locked by: "BilliardsBooking.API (23024)" [D:\College\03_Year_3\NET\Ecommerce\src\BilliardsBooking.API\BilliardsBooking.API.csproj]
D:\College\03_Year_3\NET\Ecommerce\src\BilliardsBooking.API\Services\PaymentService.cs(38,26): warning CS8629: Nullable value type may be null. [D:\College\03_Year_3\NET\Ecommerce\src\BilliardsBooking.API\BilliardsBooking.API.csproj]
D:\College\03_Year_3\NET\Ecommerce\src\BilliardsBooking.API\Services\PaymentService.cs(38,26): error CS0266: Cannot implicitly convert type 'System.Guid?' to 'System.Guid'. An explicit conversion exists (are you missing a cast?) [D:\College\03_Year_3\NET\Ecommerce\src\BilliardsBooking.API\BilliardsBooking.API.csproj]
    25 Warning(s)
    1 Error(s)

Time Elapsed 00:00:08.28
